// Jest Snapshot v1, https://goo.gl/fbAQLP

exports[`Card component should match snapshot 1`] = `
<div>
  <h2>
    Some title
  </h2>
  <p>
    Some description
  </p>
  <p
    data-testid="additional-content"
  >
    Additional content
  </p>
</div>
`;
